// Vitest Snapshot v1, https://vitest.dev/guide/snapshot.html

exports[`matches snapshot 1`] = `
<DocumentFragment>
  <h1>
    WELCOME TO 
    <ruby>
      æ¼¢
      <rt>
        KAN
      </rt>
    </ruby>
    NECTIONS!
  </h1>
</DocumentFragment>
`;
